<html>
<body>
<pre>
<h1>µVision Build Log</h1>
<h2>Tool Versions:</h2>
IDE-Version: ¦ÌVision V5.25.2.0
Copyright (C) 2018 ARM Ltd and ARM Germany GmbH. All rights reserved.
License Information: csz csz, csz, LIC=32B1Q-NYLZ7-SB7EJ-UYM6N-12VWW-0EL28
 
Tool Versions:
Toolchain:       MDK-ARM Plus  Version: 5.25.2.0
Toolchain Path:  C:\Keil_v5\ARM\ARMCC\Bin
C Compiler:      Armcc.exe V5.06 update 6 (build 750)
Assembler:       Armasm.exe V5.06 update 6 (build 750)
Linker/Locator:  ArmLink.exe V5.06 update 6 (build 750)
Library Manager: ArmAr.exe V5.06 update 6 (build 750)
Hex Converter:   FromElf.exe V5.06 update 6 (build 750)
CPU DLL:         SARMCM3.DLL V5.25.2.0
Dialog DLL:      DCM.DLL V1.17.1.0
Target DLL:      STLink\ST-LINKIII-KEIL_SWO.dll V3.0.1.0
Dialog DLL:      TCM.DLL V1.35.1.0
 
<h2>Project:</h2>
C:\Users\caosongze\Desktop\S52MJ25036_PG\Bist2Base\MDK-ARM\BIST2.uvprojx
Project File Date:  05/30/2025

<h2>Output:</h2>
*** Using Compiler 'V5.06 update 6 (build 750)', folder: 'C:\Keil_v5\ARM\ARMCC\Bin'
Rebuild target 'DEBUG'
assembling startup_stm32f407xx.s...
compiling Api.c...
compiling stm32f4xx_it.c...
compiling stm32f4xx_hal_timebase_tim.c...
compiling Flow.c...
compiling main.c...
../Src/main.c(157): warning:  #550-D: variable "RCC_OscInitStruct"  was set but never used
    RCC_OscInitTypeDef RCC_OscInitStruct = {0};
../Src/main.c: 1 warning, 0 errors
compiling stm32f4xx_hal_msp.c...
compiling freertos.c...
compiling Hw.c...
compiling StateLed.c...
compiling stm32f4xx_hal_rcc.c...
compiling stm32f4xx_hal_flash.c...
compiling stm32f4xx_hal_rcc_ex.c...
compiling mainApp.c...
..\..\Src\mainApp.c(157): warning:  #167-D: argument of type "void *" is incompatible with parameter of type "TaskHookFunction_t"
    vTaskSetApplicationTaskTag( NULL, ( void * ) aging );
..\..\Src\mainApp.c: 1 warning, 0 errors
compiling stm32f4xx_hal_flash_ex.c...
compiling stm32f4xx_hal_flash_ramfunc.c...
compiling stm32f4xx_hal_gpio.c...
compiling stm32f4xx_hal_dma_ex.c...
compiling stm32f4xx_hal_dma.c...
compiling stm32f4xx_hal_pwr_ex.c...
compiling stm32f4xx_hal_pwr.c...
compiling stm32f4xx_hal_cortex.c...
compiling stm32f4xx_hal_exti.c...
compiling stm32f4xx_hal.c...
compiling stm32f4xx_hal_tim.c...
compiling stm32f4xx_hal_tim_ex.c...
compiling system_stm32f4xx.c...
compiling stm32f4xx_hal_uart.c...
compiling Alpaca.c...
compiling croutine.c...
compiling event_groups.c...
compiling list.c...
compiling phx_serial.c...
..\Lib\Src\Alpaca\phx_serial.c(5): warning:  #513-D: a value of type "void *" cannot be assigned to an entity of type "void (*)(void *)"
      _this->Event = (void*)func;
..\Lib\Src\Alpaca\phx_serial.c(34): warning:  #177-D: variable "tx"  was declared but never referenced
  uint8 tx[256];
..\Lib\Src\Alpaca\phx_serial.c(53): warning:  #177-D: variable "tx"  was declared but never referenced
  uint8 tx[256];
..\Lib\Src\Alpaca\phx_serial.c: 3 warnings, 0 errors
compiling stream_buffer.c...
compiling queue.c...
compiling tasks.c...
compiling Gpio.c...
compiling stm32f407zet6.c...
compiling timers.c...
compiling heap_4.c...
compiling uart.c...
compiling LCM.c...
compiling Ver.c...
compiling ANX2166.c...
compiling cmsis_os2.c...
compiling port.c...
compiling PHX_Flash.c...
..\Lib\Src\Alpaca\PHX_Flash.c(174): warning:  #177-D: variable "i"  was declared but never referenced
  	uint32_t i=0;
..\Lib\Src\Alpaca\PHX_Flash.c: 1 warning, 0 errors
compiling phx_I2c.c...
linking...
Program Size: Code=25280 RO-data=1672 RW-data=180 ZI-data=46620  
FromELF: creating hex file...
"BIST2\BIST2.axf" - 0 Error(s), 6 Warning(s).

<h2>Software Packages used:</h2>

Package Vendor: ARM
                http://www.keil.com/pack/ARM.CMSIS.5.3.0.pack
                ARM.CMSIS.5.3.0
                CMSIS (Cortex Microcontroller Software Interface Standard)
   * Component: CORE Version: 5.1.1

Package Vendor: Keil
                https://www.keil.com/pack/Keil.STM32F4xx_DFP.2.17.1.pack
                Keil.STM32F4xx_DFP.2.17.1
                STMicroelectronics STM32F4 Series Device Support, Drivers and Examples

<h2>Collection of Component include folders:</h2>
  .\RTE\_DEBUG
  C:\Keil_v5\ARM\PACK\ARM\CMSIS\5.3.0\CMSIS\Include
  C:\Keil_v5\ARM\PACK\Keil\STM32F4xx_DFP\2.17.1\Drivers\CMSIS\Device\ST\STM32F4xx\Include

<h2>Collection of Component Files used:</h2>

   * Component: ARM::CMSIS:CORE:5.1.1
Build Time Elapsed:  00:00:34
</pre>
</body>
</html>
